// Jest Snapshot v1, https://goo.gl/fbAQLP

exports[`<Common /> defines the snapshoot component common 1`] = `
<div>
  <div>
    <span
      className=""
      style={
        Object {
          "display": "inline-block",
        }
      }
    />
    <h1>
      React JS
    </h1>
    <p>
      Horay 
      <a
        href="/counter"
        onClick={[Function]}
      >
        Click Me
      </a>
       to play counter
    </p>
    <p>
      You are here :
      /
    </p>
  </div>
</div>
`;
